// Jest Snapshot v1, https://goo.gl/fbAQLP

exports[`This is a BDD test suite today is today 1`] = `2018-08-01T00:00:00.000Z`;
